AWSTemplateFormatVersion: '2010-09-09'
Resources:
  myEC2Instance:
    Type: "AWS::EC2::Instance"
    Properties:
      ImageId: !GetCidr [ !GetCidr [ "a", 100 ], 100, 22 ]
      InstanceType: 0@<!GetCidr [ "a" ]>

0: GetCidr expects two or three arguments
