0@<AWSTemplateFormatVersion :> '2010-09-09'
Transform: AWS::Serverless-2016-10-31
Description: A sample Lambda Safe Deployment Application

Resources:

  safeTest:
    Type: AWS::Serverless::Function
    Properties:
      Handler: safeTest.handler
      CodeUri: src/
      Runtime: nodejs6.10
      1@<AutoPublishAlias:> live
      2@<DeploymentPreference:>
          Type: Linear10PercentEvery1Minute
          Hooks:
            PreTraffic: !Ref preTrafficHook

  preTrafficHook:
    Type: AWS::Serverless::Function
    Properties:
      Handler: preTrafficHook.handler
      CodeUri: src/
      Policies:
        - Version: "2012-10-17"
          Statement:
          - Effect: "Allow"
            Action:
              - "codedeploy:PutLifecycleEventHookExecutionStatus"
            Resource:
              !Sub 'arn:aws:codedeploy:${AWS::Region}:${AWS::AccountId}:deploymentgroup:${ServerlessDeploymentApplication}/*'
        - Version: "2012-10-17"
          Statement:
          - Effect: "Allow"
            Action:
              - "lambda:InvokeFunction"
            Resource: 4@<!Ref safeTest.Version>
      Runtime: nodejs6.10
      FunctionName: 'CodeDeployHook_preTrafficHook'
      3@<DeploymentPreference:>
        Enabled: false
      Environment:
        Variables:
          CurrentVersion: 5@<!Ref safeTest.Version>

0: Unknown section: AWSTemplateFormatVersion
1: Unknown resource type property: AutoPublishAlias
2: Unknown resource type property: DeploymentPreference
3: Unknown resource type property: DeploymentPreference
4: Cannot resolve symbol 'safeTest.Version'
5: Cannot resolve symbol 'safeTest.Version'
